V_s = 3.0 P_tot_given = None fuel_kg_per_km,V_s = 3.0 P_tot_given = None CO2_g_per_km,V_s = 3.0 P_tot_given = None PM10_g_per_km,V_s = 3.0 P_tot_given = None NOx_g_per_km,V_s = 3.5 P_tot_given = None fuel_kg_per_km,V_s = 3.5 P_tot_given = None CO2_g_per_km,V_s = 3.5 P_tot_given = None PM10_g_per_km,V_s = 3.5 P_tot_given = None NOx_g_per_km,V_s = None P_tot_given = 276 fuel_kg_per_km,V_s = None P_tot_given = 276 CO2_g_per_km,V_s = None P_tot_given = 276 PM10_g_per_km,V_s = None P_tot_given = 276 NOx_g_per_km,V_s = None P_tot_given = 391 fuel_kg_per_km,V_s = None P_tot_given = 391 CO2_g_per_km,V_s = None P_tot_given = 391 PM10_g_per_km,V_s = None P_tot_given = 391 NOx_g_per_km
6.693317158102194,21236.06989252423,13.415066225758228,302.58836710397065,7.509247789706042,23824.79526006735,13.953810033547331,327.89145361133905,6.652495193966169,21106.55293358357,13.377378443829297,301.208002346249,7.665599830841233,24320.85764512355,14.139942163485955,333.6027178936944
6.693317158102194,21236.06989252423,13.415066225758228,302.58836710397065,7.509247789706042,23824.79526006735,13.953810033547331,327.89145361133905,6.652495193966169,21106.55293358357,13.377378443829297,301.208002346249,7.665599830841233,24320.85764512355,14.139942163485955,333.6027178936944
10.451373972405932,33159.35923972427,18.76341373781608,449.98018561901796,13.693008192962896,43444.180539491375,23.957832635505433,601.6584713005019,8.173401577531651,25931.97409598678,16.435740602505,370.0707602625313,9.621811839925249,30527.384837581016,17.748364901549497,418.7359961858251
10.451373972405932,33159.35923972427,18.76341373781608,449.98018561901796,13.693008192962896,43444.180539491375,23.957832635505433,601.6584713005019,8.173401577531651,25931.97409598678,16.435740602505,370.0707602625313,9.621811839925249,30527.384837581016,17.748364901549497,418.7359961858251
6.693317158102193,21236.069892524225,13.415066225758228,302.58836710397065,7.509247789366389,23824.79525898973,13.953810033136598,327.89145359886385,6.652495193966172,21106.55293358358,13.3773784438293,301.20800234624903,7.665599830841235,24320.857645123557,14.139942163485955,333.60271789369443
6.693317158102193,21236.069892524225,13.415066225758228,302.58836710397065,7.509247789366389,23824.79525898973,13.953810033136598,327.89145359886385,6.652495193966172,21106.55293358358,13.3773784438293,301.20800234624903,7.665599830841235,24320.857645123557,14.139942163485955,333.60271789369443
