"C_year = 1970, total_fuel_consumption_600km","C_year = 1970, total_emission_CO2_600km","C_year = 1970, total_emission_PM10_600km","C_year = 1970, total_emission_NOX_600km","C_year = 1980, total_fuel_consumption_600km","C_year = 1980, total_emission_CO2_600km","C_year = 1980, total_emission_PM10_600km","C_year = 1980, total_emission_NOX_600km","C_year = 1990, total_fuel_consumption_600km","C_year = 1990, total_emission_CO2_600km","C_year = 1990, total_emission_PM10_600km","C_year = 1990, total_emission_NOX_600km","C_year = 2000, total_fuel_consumption_600km","C_year = 2000, total_emission_CO2_600km","C_year = 2000, total_emission_PM10_600km","C_year = 2000, total_emission_NOX_600km","C_year = 2010, total_fuel_consumption_600km","C_year = 2010, total_emission_CO2_600km","C_year = 2010, total_emission_PM10_600km","C_year = 2010, total_emission_NOX_600km","C_year = 2020, total_fuel_consumption_600km","C_year = 2020, total_emission_CO2_600km","C_year = 2020, total_emission_PM10_600km","C_year = 2020, total_emission_NOX_600km"
5509.243580840518,17723.353817512474,13.955878434345639,237.61460470886342,5274.807683783475,16738.723049872893,13.955878434345639,228.81406379372032,5157.589735254953,16363.625614581624,9.303918956230428,222.213658107363,4805.935889669388,15238.333308707815,6.977939217172819,206.8127115058626,4688.717941140866,14886.679463122253,4.651959478115214,167.07452525486832,4454.282044083822,14136.484592539713,0.34889696085864097,70.34787744690318
