C_year,h_0,V_s,R_f_one_k1,R_APP,R_W,R_res,R_T,V_s_km
2000.0,5.0,0.1,0.03709183075428856,0.003956330922822054,2.3382002698596513e-88,0.012007010441111339,0.05305517211822195,0.36000000000000004
2000.0,5.0,1.0,2.501221664604549,0.2667881421669458,2.021820181956829e-08,1.1531361389138979,3.921145965903594,3.6
2000.0,5.0,2.0,9.011764583713598,0.9612230555003398,0.004456580930650282,4.401144977001211,14.378589197145798,7.2
2000.0,5.0,3.0,19.12542364896443,2.0399776299993384,0.343028380945102,9.426927146280368,30.935356806189237,10.8
2000.0,5.0,4.0,32.6577319776701,3.4833760497937187,3.25441569010769,15.913383278769796,55.30890699634131,14.4
