V_s = 3.0 P_tot_given = None fuel_kg_per_km,V_s = 3.0 P_tot_given = None CO2_g_per_km,V_s = 3.0 P_tot_given = None PM10_g_per_km,V_s = 3.0 P_tot_given = None NOx_g_per_km,V_s = 3.5 P_tot_given = None fuel_kg_per_km,V_s = 3.5 P_tot_given = None CO2_g_per_km,V_s = 3.5 P_tot_given = None PM10_g_per_km,V_s = 3.5 P_tot_given = None NOx_g_per_km,V_s = 4.0 P_tot_given = None fuel_kg_per_km,V_s = 4.0 P_tot_given = None CO2_g_per_km,V_s = 4.0 P_tot_given = None PM10_g_per_km,V_s = 4.0 P_tot_given = None NOx_g_per_km,V_s = None P_tot_given = 333 fuel_kg_per_km,V_s = None P_tot_given = 333 CO2_g_per_km,V_s = None P_tot_given = 333 PM10_g_per_km,V_s = None P_tot_given = 333 NOx_g_per_km,V_s = None P_tot_given = 473 fuel_kg_per_km,V_s = None P_tot_given = 473 CO2_g_per_km,V_s = None P_tot_given = 473 PM10_g_per_km,V_s = None P_tot_given = 473 NOx_g_per_km,V_s = None P_tot_given = 707 fuel_kg_per_km,V_s = None P_tot_given = 707 CO2_g_per_km,V_s = None P_tot_given = 707 PM10_g_per_km,V_s = None P_tot_given = 707 NOx_g_per_km
7.7296014749400275,24523.917406855177,14.847608422852904,342.6443872351659,8.596129148386732,27273.17338897245,15.506795429498567,370.36239826701177,6.838705182168373,21697.34644160693,12.604995729187815,297.5134798307196,7.2141546617650345,22888.54524505452,13.447273657401519,315.4530711294918,7.800095879940078,24747.57692817352,14.086374893942267,336.2318399430648,9.170344339411383,29095.00158595066,16.04911697866472,401.614950815197
7.7296014749400275,24523.917406855177,14.847608422852904,342.6443872351659,8.596129148386732,27273.17338897245,15.506795429498567,370.36239826701177,6.838705182168373,21697.34644160693,12.604995729187815,297.5134798307196,7.2141546617650345,22888.54524505452,13.447273657401519,315.4530711294918,7.800095879940078,24747.57692817352,14.086374893942267,336.2318399430648,9.170344339411383,29095.00158595066,16.04911697866472,401.614950815197
10.043252564099621,31864.50131700698,18.11093479107904,432.64335760224463,12.06679862726285,38284.66109922486,21.13029090907852,524.7732827713122,14.261653192345516,45248.336037532594,25.180223715863725,631.2961365252651,8.846198251159178,28066.574451405028,16.910978266477727,391.28315874500436,10.445351571813886,33140.251805118605,18.684905366998073,449.61593431928816,12.602043407279233,39982.84681036775,22.054969946606917,551.9061071509126
10.043252564099621,31864.50131700698,18.11093479107904,432.64335760224463,12.06679862726285,38284.66109922486,21.13029090907852,524.7732827713122,14.261653192345516,45248.336037532594,25.180223715863725,631.2961365252651,8.846198251159178,28066.574451405028,16.910978266477727,391.28315874500436,10.445351571813886,33140.251805118605,18.684905366998073,449.61593431928816,12.602043407279233,39982.84681036775,22.054969946606917,551.9061071509126
7.729601474940028,24523.91740685518,14.847608422852902,342.6443872351659,8.596129148042992,27273.17338788186,15.5067954291623,370.36239825523523,6.838705182490121,21697.346442627746,12.604995729551012,297.51347984226055,7.214154661765035,22888.54524505452,13.447273657401517,315.4530711294918,7.800095880296119,24747.576929303144,14.086374894298459,336.23183995534725,9.17034433941138,29095.001585950657,16.049116978664717,401.6149508151969
7.729601474940028,24523.91740685518,14.847608422852902,342.6443872351659,8.596129148042992,27273.17338788186,15.5067954291623,370.36239825523523,6.838705182490121,21697.346442627746,12.604995729551012,297.51347984226055,7.214154661765035,22888.54524505452,13.447273657401517,315.4530711294918,7.800095880296119,24747.576929303144,14.086374894298459,336.23183995534725,9.17034433941138,29095.001585950657,16.049116978664717,401.6149508151969
