C_year,h_0,V_s,emission_g_km_CO2,emission_g_km_PM10,emission_g_km_NOX,V_s_km
2000.0,5.0,0.1,248299.01320812813,223.68850344683827,5256.729164336013,0.36000000000000004
2000.0,5.0,1.0,27413.06281922567,23.89403555702307,565.5491727426092,3.6
2000.0,5.0,2.0,21655.803706113744,14.76802397766595,370.90248246230806,7.2
2000.0,5.0,3.0,25442.835013512453,12.865172495410784,361.281498505947,10.8
2000.0,5.0,4.0,22189.345996123444,10.708836372470536,308.39697138622097,14.4
