V_s = 3.33 total_diesel_consumption_C_year_ICE_mass,V_s = 3.33 total_diesel_consumption_ICE_mass,V_s = 3.33 total_diesel_consumption_ICE_vol
605254.2160518346,665778.1063673733,0.7813385459882589
605254.2160518346,665778.1063673733,0.7813385459882589
4325645.053280923,4758198.6147522,5.584088680023953
4325645.053280923,4758198.6147522,5.584088680023953
672983.0227504851,740279.6223824021,0.8687714393807956
672983.0227504851,740279.6223824021,0.8687714393807956
1072940.6789461873,1180232.0323071317,1.3850872704167565
1072940.6789461873,1180232.0323071317,1.3850872704167565
