V_s = 3.0 P_tot_given = None P_tot,V_s = 3.0 P_tot_given = None v,V_s = 3.5 P_tot_given = None P_tot,V_s = 3.5 P_tot_given = None v,V_s = None P_tot_given = 276 P_tot,V_s = None P_tot_given = 276 v,V_s = None P_tot_given = 391 P_tot,V_s = None P_tot_given = 391 v
279.87108518082914,3.000000000017929,375.91458072170445,3.500000000038418,275.99999768216617,2.9800243914699562,391.00000177701367,3.555453812792707
279.87108518082914,3.000000000017929,375.91458072170445,3.500000000038418,275.99999768216617,2.9800243914699562,391.00000177701367,3.555453812792707
455.7216913956288,3.000000000017929,739.10489401719,3.500000000038418,276.00000529573515,2.4255015805774227,391.0000008406947,2.8325939583086814
455.7216913956288,3.000000000017929,739.10489401719,3.500000000038418,276.00000529573515,2.4255015805774227,391.0000008406947,2.8325939583086814
279.87108518082925,3.00000000001793,375.9145806890952,3.499999999915917,275.9999976821664,2.9800243914699567,391.00000177701395,3.555453812792708
279.87108518082925,3.00000000001793,375.9145806890952,3.499999999915917,275.9999976821664,2.9800243914699567,391.00000177701395,3.555453812792708
