V_s = 3.33 CO2_g_per_km,V_s = 3.33 PM10_g_per_km,V_s = 3.33 NOx_g_per_km
26654.602587720063,12.572612091026274,366.6194210076235
26654.602587720063,12.572612091026274,366.6194210076235
35811.20962569445,16.098592784228654,485.25856625403924
35811.20962569445,16.098592784228654,485.25856625403924
42677.69830148721,18.97115901255978,584.5033450357569
42677.69830148721,18.97115901255978,584.5033450357569
35811.20962348984,16.098592783412325,485.25856622450203
35811.20962348984,16.098592783412325,485.25856622450203
