T_strategy,Payload_strategy_tanker (ton)
3.5,2835.234847122788
3.0,2252.047306028701
2.2,1326.986057978952
2.1,1212.4979580038937
2.0,1098.2642038135373
