h_0,V_s,h_squat
5.0,0.1,4.9998924256250925
5.0,1.0,4.987066715497203
5.0,2.0,4.945317139827323
5.0,3.0,4.872907172732961
5.0,4.0,4.768796921151941
