time_start,time_stop,edge_start,edge_stop,P_tot,P_given,P_installed,total_energy,total_diesel_consumption_C_year_ICE_mass,total_diesel_consumption_ICE_mass,total_diesel_consumption_ICE_vol,total_LH2_consumption_PEMFC_mass,total_LH2_consumption_SOFC_mass,total_LH2_consumption_PEMFC_vol,total_LH2_consumption_SOFC_vol,total_eLNG_consumption_PEMFC_mass,total_eLNG_consumption_SOFC_mass,total_eLNG_consumption_PEMFC_vol,total_eLNG_consumption_SOFC_vol,total_eLNG_consumption_ICE_mass,total_eLNG_consumption_ICE_vol,total_eMethanol_consumption_PEMFC_mass,total_eMethanol_consumption_SOFC_mass,total_eMethanol_consumption_PEMFC_vol,total_eMethanol_consumption_SOFC_vol,total_eMethanol_consumption_ICE_mass,total_eMethanol_consumption_ICE_vol,total_eNH3_consumption_PEMFC_mass,total_eNH3_consumption_SOFC_mass,total_eNH3_consumption_PEMFC_vol,total_eNH3_consumption_SOFC_vol,total_eNH3_consumption_ICE_mass,total_eNH3_consumption_ICE_vol,total_Li_NMC_Battery_mass,total_Li_NMC_Battery_vol,total_Battery2000kWh_consumption_num,total_emission_CO2,total_emission_PM10,total_emission_NOX,stationary,water depth,distance,delta_t,total_fuel_consumption_kg,total_fuel_consumption_up_kg,total_fuel_consumption_down_kg,total_fuel_consumption_round_no_current_kg,total_fuel_consumption_round_current_kg
2022-08-25 16:23:08.000000,2022-08-26 00:19:18.942451,POINT (0 0),POINT (0.8983 0),375.91458072170445,375.91458072170445,1750.0,2983.3982923032254,750912.0025832085,769683.0323768143,0.9032784581493786,199092.3117986804,211037.85050660121,2.593808287518019,2.7494367847691,498479.24683428986,528388.0016443472,1.1757002984387404,1.2462423163450649,675353.4577321368,1.5928712516115304,1212024.494130906,1284745.9637787605,1.5300655395559786,1.6218694719293374,1642084.275655836,2.0729750721988047,1297411.7383358232,1375256.4426359728,2.112065620546689,2.2387895577794907,1757769.2735493972,2.861484863917624,33902253.32162756,26.829121333662098,1.864623932689516,2382438.9900139975,1395.3572620576515,32788.58747992497,2983.3982923032254,5.8813261081800645,99998.29857959764,28570.942451,750.9120025832085,876.0640030121407,657.048002261209,1501.824005166417,1533.1120052733497
2022-08-26 00:19:18.942451,2022-08-26 08:15:29.884902,POINT (0.8983 0),POINT (1.7966 0),739.10489401719,739.10489401719,1750.0,5865.8120533937745,1369277.5217327806,1403506.2317117674,1.6471156198789543,418846.7732486713,407103.40577440953,5.456806552887619,5.303811976638433,1048691.5450511843,1019288.9783675062,2.473416837946578,2.404068702303216,1231497.5732388212,2.9045784224288567,2549835.0181317646,2478344.3166888175,3.2189239670391765,3.128673762355835,2994317.682646495,3.7800410164034903,2729471.1446537683,2652943.916298989,4.443325119203808,4.318745910254169,3205267.6563750147,5.217877580145373,66656955.15220197,52.7501083938289,3.6661325333711092,4344344.137134004,2395.742501205301,60164.82345605187,5865.8120533937745,2.2588283299637957,99998.29857959764,28570.942451,1369.2775217327805,1597.490442018655,1198.117831517827,2738.555043465561,2795.6082735364816
2022-08-26 08:15:29.884902,2022-08-26 16:11:40.827354,POINT (1.7966 0),POINT (2.6949 0),375.9145806890952,375.9145806890952,1750.0,2983.398292148847,750912.002549244,769683.0323420006,0.9032784581085226,199092.3117883782,211037.85049568088,2.5938082873838,2.749436784626828,498479.2468084956,528388.0016170053,1.1757002983779026,1.246242316280577,675353.45770159,1.5928712515394836,1212024.4940681888,1284745.9637122802,1.5300655394768041,1.6218694718454123,1642084.2755815627,2.0729750721050424,1297411.7382686876,1375256.4425648088,2.112065620437398,2.2387895576636425,1757769.2734698919,2.8614848637881964,33902253.31987326,26.8291213322738,1.8646239325930294,2382438.989906238,1395.3572620165792,32788.58747867748,2983.398292148847,5.881326108188704,99998.29857959767,28570.942452,750.912002549244,876.0640029776258,657.0480022286155,1501.824005098488,1533.1120052062413
