V_s = 3.33 total_LH2_consumption_PEMFC_mass,V_s = 3.33 total_LH2_consumption_SOFC_mass,V_s = 3.33 total_LH2_consumption_PEMFC_vol,V_s = 3.33 total_LH2_consumption_SOFC_vol,V_s = 3.33 total_eLNG_consumption_PEMFC_mass,V_s = 3.33 total_eLNG_consumption_SOFC_mass,V_s = 3.33 total_eLNG_consumption_PEMFC_vol,V_s = 3.33 total_eLNG_consumption_SOFC_vol,V_s = 3.33 total_eLNG_consumption_ICE_mass,V_s = 3.33 total_eLNG_consumption_ICE_vol,V_s = 3.33 total_eMethanol_consumption_PEMFC_mass,V_s = 3.33 total_eMethanol_consumption_SOFC_mass,V_s = 3.33 total_eMethanol_consumption_PEMFC_vol,V_s = 3.33 total_eMethanol_consumption_SOFC_vol,V_s = 3.33 total_eMethanol_consumption_ICE_mass,V_s = 3.33 total_eMethanol_consumption_ICE_vol,V_s = 3.33 total_eNH3_consumption_PEMFC_mass,V_s = 3.33 total_eNH3_consumption_SOFC_mass,V_s = 3.33 total_eNH3_consumption_PEMFC_vol,V_s = 3.33 total_eNH3_consumption_SOFC_vol,V_s = 3.33 total_eNH3_consumption_ICE_mass,V_s = 3.33 total_eNH3_consumption_ICE_vol,V_s = 3.33 total_Li_NMC_Battery_mass,V_s = 3.33 total_Li_NMC_Battery_vol,V_s = 3.33 total_Battery2000kWh_consumption_num
172217.67338200676,182550.73378492717,182550.73378492717,182550.73378492717,431191.61831735517,457063.11541639647,1.0169974328109284,1.078017278779584,584182.7444591915,1.377838358096692,1048418.3772615766,1111323.4798972714,1.3235283922503631,1.402940095785385,1420407.7698916357,1.7931295871929949,1122279.5545246233,1189616.3277961006,1.8269667166679915,1.9365847196680712,1520475.6362636492,2.47519289624315,29325929.95033376,23.207570464292903,1.612926147268357
172217.67338200676,182550.73378492717,182550.73378492717,182550.73378492717,431191.61831735517,457063.11541639647,1.0169974328109284,1.078017278779584,584182.7444591915,1.377838358096692,1048418.3772615766,1111323.4798972714,1.3235283922503631,1.402940095785385,1420407.7698916357,1.7931295871929949,1122279.5545246233,1189616.3277961006,1.8269667166679915,1.9365847196680712,1520475.6362636492,2.47519289624315,29325929.95033376,23.207570464292903,1.612926147268357
1303201.4260582672,1271547.4863222658,1271547.4863222658,1271547.4863222658,3262902.8186270897,3183648.9695136417,7.695798454999165,7.508872370017989,4175050.9649742995,9.847167553494977,7933566.268325465,7740864.953296423,10.015372141181697,9.772105076051565,10151403.625988701,12.815180667934037,8492486.788207496,8286209.646679343,13.824978492430807,13.48917849459428,10866571.00472763,17.68976675188219,215801715.0234158,170.77833563004128,11.86909432628787
1303201.4260582672,1271547.4863222658,1271547.4863222658,1271547.4863222658,3262902.8186270897,3183648.9695136417,7.695798454999165,7.508872370017989,4175050.9649742995,9.847167553494977,7933566.268325465,7740864.953296423,10.015372141181697,9.772105076051565,10151403.625988701,12.815180667934037,8492486.788207496,8286209.646679343,13.824978492430807,13.48917849459428,10866571.00472763,17.68976675188219,215801715.0234158,170.77833563004128,11.86909432628787
210050.67923204962,203992.72254943164,203992.72254943164,203992.72254943164,525916.3622877632,510748.6963079752,1.2404127714891382,1.2046387056031338,649553.6235490701,1.5320204279486844,1278736.3104985831,1241856.9763978191,1.6142828567798868,1.5677262083766605,1579353.4174045033,1.9937833356110393,1368823.4086941783,1329345.92189747,2.228317176944011,2.1640515007633234,1690619.02019621,2.75217049799383,34385788.21554185,27.21177484683168,1.891218351854802
210050.67923204962,203992.72254943164,203992.72254943164,203992.72254943164,525916.3622877632,510748.6963079752,1.2404127714891382,1.2046387056031338,649553.6235490701,1.5320204279486844,1278736.3104985831,1241856.9763978191,1.6142828567798868,1.5677262083766605,1579353.4174045033,1.9937833356110393,1368823.4086941783,1329345.92189747,2.228317176944011,2.1640515007633234,1690619.02019621,2.75217049799383,34385788.21554185,27.21177484683168,1.891218351854802
323248.3954688528,315396.8960732877,315396.8960732877,315396.8960732877,809336.2082039695,789677.9428000359,1.9088795121675468,1.8625140342685724,1035587.0539115958,2.4425089230402954,1967855.8627262881,1920057.8865156267,2.484230687540456,2.423890292924181,2517972.178615032,3.178700165479859,2106491.5008048527,2055326.1524932445,3.429172210612551,3.3458797831285376,2695363.564975387,4.387801152285514,53527840.53720934,42.36016157620883,2.944031229546514
323248.3954688528,315396.8960732877,315396.8960732877,315396.8960732877,809336.2082039695,789677.9428000359,1.9088795121675468,1.8625140342685724,1035587.0539115958,2.4425089230402954,1967855.8627262881,1920057.8865156267,2.484230687540456,2.423890292924181,2517972.178615032,3.178700165479859,2106491.5008048527,2055326.1524932445,3.429172210612551,3.3458797831285376,2695363.564975387,4.387801152285514,53527840.53720934,42.36016157620883,2.944031229546514
