C_year,h_0,V_s,P_tot
2000.0,5.0,0.1,110.01607732488431
2000.0,5.0,1.0,121.88226050273816
2000.0,5.0,2.0,196.8796930341136
2000.0,5.0,3.0,360.8272173474803
2000.0,5.0,4.0,426.05089712195036
