V_s = 3.0 P_tot_given = None P_tot,V_s = 3.0 P_tot_given = None v,V_s = 3.5 P_tot_given = None P_tot,V_s = 3.5 P_tot_given = None v,V_s = 4.0 P_tot_given = None P_tot,V_s = 4.0 P_tot_given = None v,V_s = None P_tot_given = 333 P_tot,V_s = None P_tot_given = 333 v,V_s = None P_tot_given = 473 P_tot,V_s = None P_tot_given = 473 v,V_s = None P_tot_given = 707 P_tot,V_s = None P_tot_given = 707 v
327.7886503400087,3.000000000017929,435.50938451244417,3.500000000038418,392.559203150767,3.9999999999839053,369.4675744031554,3.5852976149599396,433.34387907548205,3.839691205787076,706.9999955107305,5.03370578009758
327.7886503400087,3.000000000017929,435.50938451244417,3.500000000038418,392.559203150767,3.9999999999839053,369.4675744031554,3.5852976149599396,433.34387907548205,3.839691205787076,706.9999955107305,5.03370578009758
327.7886503400087,3.000000000017929,435.50938451244417,3.500000000038418,392.559203150767,3.9999999999839053,369.4675744031554,3.5852976149599396,433.3438791153975,3.839691205934511,706.9999954078346,5.033705779844193
327.7886503400087,3.000000000017929,435.50938451244417,3.500000000038418,392.559203150767,3.9999999999839053,369.4675744031554,3.5852976149599396,433.3438791153975,3.839691205934511,706.9999954078346,5.033705779844193
327.78865034000887,3.00000000001793,435.5093844766327,3.499999999915917,392.55920318785763,4.000000000143909,369.4675744330335,3.5852976150884865,433.34387907548233,3.839691205787077,706.9999955107306,5.033705780097581
327.78865034000887,3.00000000001793,435.5093844766327,3.499999999915917,392.55920318785763,4.000000000143909,369.4675744330335,3.5852976150884865,433.34387907548233,3.839691205787077,706.9999955107306,5.033705780097581
